main.c:85:5:main	8	static
main.c:144:6:SystemClock_Config	112	static
main.c:194:13:MX_ADC1_Init	24	static
main.c:251:13:MX_I2C1_Init	8	static
main.c:297:13:MX_SPI1_Init	8	static
main.c:337:13:MX_TIM3_Init	48	static
main.c:386:13:MX_TIM15_Init	40	static
main.c:432:13:MX_USART1_UART_Init	8	static
main.c:480:13:MX_GPIO_Init	48	static
main.c:548:7:battery_status	24	static
main.c:567:6:power_up	8	static
main.c:575:6:power_down	8	static
main.c:594:6:HAL_GPIO_EXTI_Falling_Callback	16	static
main.c:605:6:Error_Handler	8	static
