stm32g0xx_it.c:73:6:NMI_Handler	8	static
stm32g0xx_it.c:86:6:HardFault_Handler	8	static
stm32g0xx_it.c:101:6:SVC_Handler	8	static
stm32g0xx_it.c:114:6:PendSV_Handler	8	static
stm32g0xx_it.c:127:6:SysTick_Handler	8	static
stm32g0xx_it.c:148:6:EXTI0_1_IRQHandler	8	static
stm32g0xx_it.c:163:6:EXTI4_15_IRQHandler	8	static
stm32g0xx_it.c:179:6:TIM3_IRQHandler	8	static
stm32g0xx_it.c:193:6:TIM15_IRQHandler	8	static
stm32g0xx_it.c:207:6:I2C1_IRQHandler	8	static
stm32g0xx_it.c:225:6:USART1_IRQHandler	8	static
